Post-level event features: data/output/trump_posts_with_event_features_us.csv
Trump events are aggregated from decision_time_D < Timestamp <= decision_time_D+1.
Base binary event count: 56
Event + combo count: 1596
Eligible selected events before top-k: 195
Deduped overlapping events: 51
Selected events for DL: 80

Top selected brute-force events:
                           event   n  mean_ret  median_ret      std   hit_up  hit_down direction  directional_hit    score
            has_china&pre_action  33  0.016923    0.011044 0.026361 0.757576  0.242424      long         0.757576 0.073646
     has_action&deal_over_tariff  93  0.008649    0.005135 0.022235 0.688172  0.311828      long         0.688172 0.057396
      posts_very_high&pre_action  34  0.014000    0.006764 0.027018 0.676471  0.323529      long         0.676471 0.055221
           pre_deal&volume_spike  43  0.010854    0.009714 0.026923 0.767442  0.232558      long         0.767442 0.054625
           posts_high&pre_action  57  0.010526    0.006379 0.024581 0.684211  0.315789      long         0.684211 0.054374
             has_deal&has_action 106  0.007662    0.005355 0.021924 0.679245  0.320755      long         0.679245 0.053584
           has_russia&pre_action  35  0.012413    0.004913 0.023253 0.714286  0.285714      long         0.714286 0.052454
            has_action&deal_only  77  0.008691    0.004309 0.022489 0.675325  0.324675      long         0.675325 0.051500
           has_attack&pre_action  64  0.009313    0.005176 0.022851 0.671875  0.328125      long         0.671875 0.050057
       attack_heavy&has_all_caps  92  0.007868    0.008330 0.019701 0.663043  0.336957      long         0.663043 0.050037
         has_attack&has_all_caps 144  0.006307    0.007675 0.023503 0.652778  0.347222      long         0.652778 0.049401
             pre_deal&pre_action  27  0.013488    0.008130 0.023463 0.703704  0.296296      long         0.703704 0.049321
         has_russia&volume_spike  76  0.008108    0.008035 0.024919 0.697368  0.302632      long         0.697368 0.049294
         has_russia&has_all_caps  70  0.008049    0.008587 0.021826 0.728571  0.271429      long         0.728571 0.049065
 has_night_post&deal_over_tariff 180  0.005910    0.003569 0.022193 0.616667  0.383333      long         0.616667 0.048896
        attack_heavy&short_posts 132  0.006685    0.005965 0.022905 0.636364  0.363636      long         0.636364 0.048876
      pre_action&has_exclamation  74  0.008751    0.005024 0.024212 0.648649  0.351351      long         0.648649 0.048827
       positive_heavy&pre_action  62  0.009580    0.004285 0.024566 0.645161  0.354839      long         0.645161 0.048664
posts_very_high&deal_over_tariff 116  0.007012    0.004901 0.023390 0.637931  0.362069      long         0.637931 0.048175
     posts_very_high&short_posts 147  0.006332    0.006956 0.029299 0.625850  0.374150      long         0.625850 0.048047

Dataset summary:
Rows: train=926, val=219, test=219
Samples: train=926, val=219, test=219
Feature set: full
Market features: 29 | Event/regime features: 349
Direction label counts:
direction_label
up      725
down    599
Regime label counts:
regime_label
neutral      585
calm_bull    342
oversold     254
risk_off     143
Term segment counts:
term_segment
1    994
2    330

Training on device: cpu
Model type: gated_mlp
Direction class weights: [1.118399977684021, 0.9042999744415283]
Epoch 001 | train_loss=1.0148 | val_loss=0.9495 | val_acc=0.5662 | val_regime_acc=0.7580
Epoch 002 | train_loss=0.8970 | val_loss=0.8437 | val_acc=0.5936 | val_regime_acc=0.7991
Epoch 003 | train_loss=0.7891 | val_loss=0.7733 | val_acc=0.5297 | val_regime_acc=0.8539
Epoch 004 | train_loss=0.7155 | val_loss=0.7357 | val_acc=0.5708 | val_regime_acc=0.9087
Epoch 005 | train_loss=0.6696 | val_loss=0.7260 | val_acc=0.5342 | val_regime_acc=0.9452
Epoch 006 | train_loss=0.6524 | val_loss=0.7173 | val_acc=0.5388 | val_regime_acc=0.9635
Epoch 007 | train_loss=0.6177 | val_loss=0.7217 | val_acc=0.5479 | val_regime_acc=0.9772
Epoch 008 | train_loss=0.5926 | val_loss=0.7308 | val_acc=0.5479 | val_regime_acc=0.9909
Epoch 009 | train_loss=0.5736 | val_loss=0.7204 | val_acc=0.5936 | val_regime_acc=0.9909
Epoch 010 | train_loss=0.5491 | val_loss=0.7353 | val_acc=0.5160 | val_regime_acc=0.9954
Epoch 011 | train_loss=0.5350 | val_loss=0.7414 | val_acc=0.5434 | val_regime_acc=1.0000
Epoch 012 | train_loss=0.5332 | val_loss=0.7404 | val_acc=0.5616 | val_regime_acc=1.0000
Epoch 013 | train_loss=0.4908 | val_loss=0.7993 | val_acc=0.5982 | val_regime_acc=1.0000
Epoch 014 | train_loss=0.4675 | val_loss=0.8031 | val_acc=0.5571 | val_regime_acc=0.9954
Early stop at epoch 14; best_val_loss=0.7173

==============================
Target: TSM
Selected brute-force events: 80
Test acc: 0.4977
Test regime acc: 1.0000
Selected trade edge threshold: 0.200 (auto=True)
Trade mode: long_short | coverage=35.16% | long=2 | short=75 | neutral=142
Strategy return no cost: mean=-0.000687, total=-0.1558
Event-days only: days=30 coverage=13.70% acc=0.5000 trades=16 total=-0.1311
Event rule baseline: trades=30 total=0.4303
Event-day threshold: threshold=0.025 trades=30 total=-0.0175
Hybrid event-days: alpha=0.500 threshold=0.050 trades=30 total=-0.0175
Confusion matrix rows=true, cols=pred [down, up]:
[[91 13]
 [97 18]]
Saved outputs to: /home/butter303062/political-sentiment-stock-pred/data/output/fusion_ablation_core/TSM/gated_concat
==============================
