Post-level event features: data/output/trump_posts_with_event_features_tw.csv
Trump events are aggregated from decision_time_D < Timestamp <= decision_time_D+1.
Base binary event count: 56
Event + combo count: 1596
Eligible selected events before top-k: 5
Deduped overlapping events: 0
Selected events for DL: 5

Top selected brute-force events:
                  event   n  mean_ret  median_ret      std   hit_up  hit_down direction  directional_hit    score
silence_day&volume_drop 147  0.007857    0.003333 0.032215 0.578231  0.421769      long         0.578231 0.055086
            volume_drop 326  0.004779    0.003431 0.025434 0.576687  0.423313      long         0.576687 0.049756
  posts_low&volume_drop 222  0.005134    0.003120 0.027812 0.558559  0.441441      long         0.558559 0.042728
     has_iran&open_deal  22 -0.010671   -0.010640 0.022065 0.318182  0.681818     short         0.681818 0.034125
 pre_action&short_posts  51 -0.007499   -0.006250 0.021302 0.411765  0.588235     short         0.588235 0.031504

Dataset summary:
Rows: train=821, val=196, test=196
Samples: train=821, val=196, test=196
Feature set: full
Market features: 49 | Event/regime features: 37
Direction label counts:
direction_label
up      610
down    563
Regime label counts:
regime_label
neutral      538
oversold     327
calm_bull    204
risk_off     104
Term segment counts:
term_segment
1    867
2    306

Training on device: cpu
Model type: gated_mlp
Direction class weights: [1.0085999965667725, 0.9915000200271606]
Epoch 001 | train_loss=1.0470 | val_loss=1.0200 | val_acc=0.5051 | val_regime_acc=0.3980
Epoch 002 | train_loss=0.9611 | val_loss=1.0036 | val_acc=0.4490 | val_regime_acc=0.3571
Epoch 003 | train_loss=0.9035 | val_loss=0.9657 | val_acc=0.4694 | val_regime_acc=0.4439
Epoch 004 | train_loss=0.8416 | val_loss=0.9053 | val_acc=0.4796 | val_regime_acc=0.5867
Epoch 005 | train_loss=0.7788 | val_loss=0.8688 | val_acc=0.4745 | val_regime_acc=0.7398
Epoch 006 | train_loss=0.7293 | val_loss=0.8306 | val_acc=0.4847 | val_regime_acc=0.8418
Epoch 007 | train_loss=0.6911 | val_loss=0.8080 | val_acc=0.4949 | val_regime_acc=0.8878
Epoch 008 | train_loss=0.6732 | val_loss=0.8124 | val_acc=0.4796 | val_regime_acc=0.9031
Epoch 009 | train_loss=0.6615 | val_loss=0.8422 | val_acc=0.4796 | val_regime_acc=0.9031
Epoch 010 | train_loss=0.6375 | val_loss=0.9356 | val_acc=0.4694 | val_regime_acc=0.9031
Epoch 011 | train_loss=0.6269 | val_loss=0.9095 | val_acc=0.4796 | val_regime_acc=0.9082
Epoch 012 | train_loss=0.6212 | val_loss=0.9426 | val_acc=0.4643 | val_regime_acc=0.9184
Epoch 013 | train_loss=0.6163 | val_loss=0.9299 | val_acc=0.4847 | val_regime_acc=0.9286
Epoch 014 | train_loss=0.5885 | val_loss=1.0264 | val_acc=0.4592 | val_regime_acc=0.9337
Epoch 015 | train_loss=0.5671 | val_loss=1.0646 | val_acc=0.4694 | val_regime_acc=0.9541
Early stop at epoch 15; best_val_loss=0.8080

==============================
Target: 2308.TW
Selected brute-force events: 5
Test acc: 0.4592
Test regime acc: 0.7398
Selected trade edge threshold: 0.400 (auto=True)
Trade mode: long_short | coverage=8.16% | long=0 | short=16 | neutral=180
Strategy return no cost: mean=-0.000983, total=-0.1787
Event-days only: days=81 coverage=41.33% acc=0.4074 trades=5 total=-0.0458
Event rule baseline: trades=81 total=1.0820
Event-day threshold: threshold=0.425 trades=2 total=-0.0215
Hybrid event-days: alpha=0.500 threshold=0.000 trades=81 total=1.0820
Confusion matrix rows=true, cols=pred [down, up]:
[[79  9]
 [97 11]]
Saved outputs to: /home/butter303062/political-sentiment-stock-pred/data/output/fusion_ablation_multi/2308.TW/add
==============================
