/home/butter303062/political-sentiment-stock-pred/.venv/lib/python3.12/site-packages/sklearn/metrics/_ranking.py:442: UndefinedMetricWarning: Only one class is present in y_true. ROC AUC score is not defined in that case.
  warnings.warn(
/home/butter303062/political-sentiment-stock-pred/.venv/lib/python3.12/site-packages/sklearn/metrics/_ranking.py:442: UndefinedMetricWarning: Only one class is present in y_true. ROC AUC score is not defined in that case.
  warnings.warn(
/home/butter303062/political-sentiment-stock-pred/.venv/lib/python3.12/site-packages/sklearn/metrics/_ranking.py:442: UndefinedMetricWarning: Only one class is present in y_true. ROC AUC score is not defined in that case.
  warnings.warn(
/home/butter303062/political-sentiment-stock-pred/.venv/lib/python3.12/site-packages/sklearn/metrics/_ranking.py:442: UndefinedMetricWarning: Only one class is present in y_true. ROC AUC score is not defined in that case.
  warnings.warn(
Post-level event features: data/output/trump_posts_with_event_features_us.csv
Trump events are aggregated from decision_time_D < Timestamp <= decision_time_D+1.
Base binary event count: 56
Event + combo count: 1596
Eligible selected events before top-k: 3
Deduped overlapping events: 0
Selected events for DL: 3

Top selected brute-force events:
                 event  n  mean_ret  median_ret      std   hit_up  hit_down direction  directional_hit    score
pre_action&short_posts 37  0.008266    0.000633 0.025182 0.621622  0.378378      long         0.621622 0.031257
  posts_low&has_attack 30  0.007358    0.003159 0.014225 0.766667  0.233333      long         0.766667 0.030898
  has_china&pre_action 33  0.008298    0.004307 0.024831 0.636364  0.363636      long         0.636364 0.030333

Dataset summary:
Rows: train=935, val=221, test=221
Samples: train=935, val=221, test=221
Feature set: full
Market features: 29 | Event/regime features: 31
Direction label counts:
direction_label
up      758
down    579
Regime label counts:
regime_label
neutral      792
calm_bull    365
risk_off     101
oversold      79
Term segment counts:
term_segment
1    1006
2     331

Training on device: cpu
Model type: gated_mlp
Direction class weights: [1.1571999788284302, 0.8804000020027161]
Epoch 001 | train_loss=1.0076 | val_loss=0.9276 | val_acc=0.5475 | val_regime_acc=0.6787
Epoch 002 | train_loss=0.8836 | val_loss=0.8438 | val_acc=0.5204 | val_regime_acc=0.7692
Epoch 003 | train_loss=0.7978 | val_loss=0.7672 | val_acc=0.5339 | val_regime_acc=0.9186
Epoch 004 | train_loss=0.7387 | val_loss=0.7375 | val_acc=0.5294 | val_regime_acc=0.9367
Epoch 005 | train_loss=0.7163 | val_loss=0.7273 | val_acc=0.5385 | val_regime_acc=0.9412
Epoch 006 | train_loss=0.7011 | val_loss=0.7228 | val_acc=0.5204 | val_regime_acc=0.9502
Epoch 007 | train_loss=0.6924 | val_loss=0.7140 | val_acc=0.5973 | val_regime_acc=0.9729
Epoch 008 | train_loss=0.6852 | val_loss=0.7173 | val_acc=0.5611 | val_regime_acc=0.9683
Epoch 009 | train_loss=0.6803 | val_loss=0.7174 | val_acc=0.5113 | val_regime_acc=0.9729
Epoch 010 | train_loss=0.6638 | val_loss=0.7161 | val_acc=0.5385 | val_regime_acc=0.9910
Epoch 011 | train_loss=0.6637 | val_loss=0.7178 | val_acc=0.5158 | val_regime_acc=0.9819
Epoch 012 | train_loss=0.6594 | val_loss=0.7220 | val_acc=0.5385 | val_regime_acc=0.9819
Epoch 013 | train_loss=0.6503 | val_loss=0.7149 | val_acc=0.5701 | val_regime_acc=1.0000
Epoch 014 | train_loss=0.6334 | val_loss=0.7314 | val_acc=0.5204 | val_regime_acc=1.0000
Epoch 015 | train_loss=0.6276 | val_loss=0.7508 | val_acc=0.5792 | val_regime_acc=1.0000
Early stop at epoch 15; best_val_loss=0.7140

==============================
Target: ^GSPC
Selected brute-force events: 3
Test acc: 0.5068
Test regime acc: 1.0000
Selected trade edge threshold: 0.000 (auto=True)
Trade mode: long_short | coverage=100.00% | long=142 | short=79 | neutral=0
Strategy return no cost: mean=0.000017, total=-0.0029
Event-days only: days=3 coverage=1.36% acc=0.6667 trades=3 total=0.0168
Event rule baseline: trades=3 total=0.0376
Event-day threshold: threshold=0.175 trades=2 total=0.0053
Hybrid event-days: alpha=0.000 threshold=0.175 trades=2 total=0.0053
Confusion matrix rows=true, cols=pred [down, up]:
[[33 63]
 [46 79]]
Saved outputs to: /home/butter303062/political-sentiment-stock-pred/data/output/fusion_ablation_multi/^GSPC/add
==============================
