/home/butter303062/political-sentiment-stock-pred/.venv/lib/python3.12/site-packages/sklearn/metrics/_ranking.py:442: UndefinedMetricWarning: Only one class is present in y_true. ROC AUC score is not defined in that case.
  warnings.warn(
/home/butter303062/political-sentiment-stock-pred/.venv/lib/python3.12/site-packages/sklearn/metrics/_ranking.py:442: UndefinedMetricWarning: Only one class is present in y_true. ROC AUC score is not defined in that case.
  warnings.warn(
/home/butter303062/political-sentiment-stock-pred/.venv/lib/python3.12/site-packages/sklearn/metrics/_ranking.py:442: UndefinedMetricWarning: Only one class is present in y_true. ROC AUC score is not defined in that case.
  warnings.warn(
/home/butter303062/political-sentiment-stock-pred/.venv/lib/python3.12/site-packages/sklearn/metrics/_ranking.py:442: UndefinedMetricWarning: Only one class is present in y_true. ROC AUC score is not defined in that case.
  warnings.warn(
Post-level event features: data/output/trump_posts_with_event_features_tw.csv
Trump events are aggregated from decision_time_D < Timestamp <= decision_time_D+1.
Base binary event count: 56
Event + combo count: 1596
Eligible selected events before top-k: 2
Deduped overlapping events: 0
Selected events for DL: 2

Top selected brute-force events:
                 event   n  mean_ret  median_ret      std   hit_up  hit_down direction  directional_hit    score
  has_action&deal_only  70  0.006506    0.005191 0.020033 0.628571  0.371429      long         0.628571 0.034215
has_attack&short_posts 295  0.003321    0.002710 0.018080 0.562712  0.437288      long         0.562712 0.032101

Dataset summary:
Rows: train=828, val=197, test=198
Samples: train=828, val=197, test=198
Feature set: full
Market features: 49 | Event/regime features: 28
Direction label counts:
direction_label
up      610
down    573
Regime label counts:
regime_label
neutral      545
oversold     305
calm_bull    225
risk_off     108
Term segment counts:
term_segment
1    891
2    292

Training on device: cpu
Model type: gated_mlp
Direction class weights: [1.017199993133545, 0.9833999872207642]
Epoch 001 | train_loss=1.0425 | val_loss=0.9902 | val_acc=0.5685 | val_regime_acc=0.5838
Epoch 002 | train_loss=0.9456 | val_loss=0.9360 | val_acc=0.5838 | val_regime_acc=0.6041
Epoch 003 | train_loss=0.8623 | val_loss=0.8617 | val_acc=0.5939 | val_regime_acc=0.8223
Epoch 004 | train_loss=0.7808 | val_loss=0.8018 | val_acc=0.5888 | val_regime_acc=0.8731
Epoch 005 | train_loss=0.7295 | val_loss=0.7680 | val_acc=0.5533 | val_regime_acc=0.8832
Epoch 006 | train_loss=0.6959 | val_loss=0.7471 | val_acc=0.5482 | val_regime_acc=0.8731
Epoch 007 | train_loss=0.6811 | val_loss=0.7405 | val_acc=0.5736 | val_regime_acc=0.8883
Epoch 008 | train_loss=0.6565 | val_loss=0.7468 | val_acc=0.5584 | val_regime_acc=0.8934
Epoch 009 | train_loss=0.6489 | val_loss=0.7245 | val_acc=0.5279 | val_regime_acc=0.9188
Epoch 010 | train_loss=0.6440 | val_loss=0.7249 | val_acc=0.5178 | val_regime_acc=0.9289
Epoch 011 | train_loss=0.6305 | val_loss=0.7218 | val_acc=0.5381 | val_regime_acc=0.9340
Epoch 012 | train_loss=0.6273 | val_loss=0.7198 | val_acc=0.5330 | val_regime_acc=0.9442
Epoch 013 | train_loss=0.6169 | val_loss=0.7243 | val_acc=0.5330 | val_regime_acc=0.9340
Epoch 014 | train_loss=0.6091 | val_loss=0.7199 | val_acc=0.5279 | val_regime_acc=0.9442
Epoch 015 | train_loss=0.5960 | val_loss=0.7285 | val_acc=0.5228 | val_regime_acc=0.9442
Epoch 016 | train_loss=0.5950 | val_loss=0.7325 | val_acc=0.5127 | val_regime_acc=0.9391
Epoch 017 | train_loss=0.5905 | val_loss=0.7302 | val_acc=0.5178 | val_regime_acc=0.9442
Epoch 018 | train_loss=0.5778 | val_loss=0.7446 | val_acc=0.5178 | val_regime_acc=0.9442
Epoch 019 | train_loss=0.5789 | val_loss=0.7435 | val_acc=0.5076 | val_regime_acc=0.9492
Epoch 020 | train_loss=0.5721 | val_loss=0.7355 | val_acc=0.5076 | val_regime_acc=0.9645
Early stop at epoch 20; best_val_loss=0.7198

==============================
Target: 2382.TW
Selected brute-force events: 2
Test acc: 0.5152
Test regime acc: 0.9747
Selected trade edge threshold: 0.000 (auto=True)
Trade mode: long_short | coverage=100.00% | long=38 | short=160 | neutral=0
Strategy return no cost: mean=0.000275, total=0.0110
Event-days only: days=1 coverage=0.51% acc=0.0000 trades=1 total=-0.0123
Event rule baseline: trades=1 total=-0.0123
Event-day threshold: threshold=0.025 trades=1 total=-0.0123
Hybrid event-days: alpha=0.000 threshold=0.025 trades=1 total=-0.0123
Confusion matrix rows=true, cols=pred [down, up]:
[[81 17]
 [79 21]]
Saved outputs to: /home/butter303062/political-sentiment-stock-pred/data/output/fusion_ablation_multi/2382.TW/raw_concat
==============================
