/home/butter303062/political-sentiment-stock-pred/.venv/lib/python3.12/site-packages/sklearn/metrics/_ranking.py:442: UndefinedMetricWarning: Only one class is present in y_true. ROC AUC score is not defined in that case.
  warnings.warn(
/home/butter303062/political-sentiment-stock-pred/.venv/lib/python3.12/site-packages/sklearn/metrics/_ranking.py:442: UndefinedMetricWarning: Only one class is present in y_true. ROC AUC score is not defined in that case.
  warnings.warn(
/home/butter303062/political-sentiment-stock-pred/.venv/lib/python3.12/site-packages/sklearn/metrics/_ranking.py:442: UndefinedMetricWarning: Only one class is present in y_true. ROC AUC score is not defined in that case.
  warnings.warn(
/home/butter303062/political-sentiment-stock-pred/.venv/lib/python3.12/site-packages/sklearn/metrics/_ranking.py:442: UndefinedMetricWarning: Only one class is present in y_true. ROC AUC score is not defined in that case.
  warnings.warn(
Post-level event features: data/output/trump_posts_with_event_features_us.csv
Trump events are aggregated from decision_time_D < Timestamp <= decision_time_D+1.
Base binary event count: 56
Event + combo count: 1596
Eligible selected events before top-k: 3
Deduped overlapping events: 0
Selected events for DL: 3

Top selected brute-force events:
                 event  n  mean_ret  median_ret      std   hit_up  hit_down direction  directional_hit    score
pre_action&short_posts 37  0.008266    0.000633 0.025182 0.621622  0.378378      long         0.621622 0.031257
  posts_low&has_attack 30  0.007358    0.003159 0.014225 0.766667  0.233333      long         0.766667 0.030898
  has_china&pre_action 33  0.008298    0.004307 0.024831 0.636364  0.363636      long         0.636364 0.030333

Dataset summary:
Rows: train=935, val=221, test=221
Samples: train=935, val=221, test=221
Feature set: full
Market features: 29 | Event/regime features: 31
Direction label counts:
direction_label
up      758
down    579
Regime label counts:
regime_label
neutral      792
calm_bull    365
risk_off     101
oversold      79
Term segment counts:
term_segment
1    1006
2     331

Training on device: cpu
Model type: gated_mlp
Direction class weights: [1.1571999788284302, 0.8804000020027161]
Epoch 001 | train_loss=0.9918 | val_loss=0.9050 | val_acc=0.5475 | val_regime_acc=0.7376
Epoch 002 | train_loss=0.8488 | val_loss=0.7948 | val_acc=0.5837 | val_regime_acc=0.8416
Epoch 003 | train_loss=0.7523 | val_loss=0.7424 | val_acc=0.5385 | val_regime_acc=0.9593
Epoch 004 | train_loss=0.7217 | val_loss=0.7284 | val_acc=0.5520 | val_regime_acc=0.9367
Epoch 005 | train_loss=0.7060 | val_loss=0.7232 | val_acc=0.5611 | val_regime_acc=0.9457
Epoch 006 | train_loss=0.6975 | val_loss=0.7177 | val_acc=0.5520 | val_regime_acc=0.9683
Epoch 007 | train_loss=0.6800 | val_loss=0.7110 | val_acc=0.5566 | val_regime_acc=0.9729
Epoch 008 | train_loss=0.6768 | val_loss=0.7110 | val_acc=0.5520 | val_regime_acc=0.9774
Epoch 009 | train_loss=0.6668 | val_loss=0.7071 | val_acc=0.5611 | val_regime_acc=0.9819
Epoch 010 | train_loss=0.6651 | val_loss=0.7019 | val_acc=0.5611 | val_regime_acc=0.9819
Epoch 011 | train_loss=0.6585 | val_loss=0.7006 | val_acc=0.5747 | val_regime_acc=0.9819
Epoch 012 | train_loss=0.6489 | val_loss=0.7051 | val_acc=0.5701 | val_regime_acc=0.9819
Epoch 013 | train_loss=0.6419 | val_loss=0.7071 | val_acc=0.5701 | val_regime_acc=0.9864
Epoch 014 | train_loss=0.6346 | val_loss=0.7069 | val_acc=0.5566 | val_regime_acc=0.9819
Epoch 015 | train_loss=0.6367 | val_loss=0.7137 | val_acc=0.5611 | val_regime_acc=0.9819
Epoch 016 | train_loss=0.6368 | val_loss=0.7114 | val_acc=0.5837 | val_regime_acc=0.9819
Epoch 017 | train_loss=0.6301 | val_loss=0.7112 | val_acc=0.5747 | val_regime_acc=0.9864
Epoch 018 | train_loss=0.6218 | val_loss=0.7211 | val_acc=0.5656 | val_regime_acc=0.9864
Epoch 019 | train_loss=0.6210 | val_loss=0.7213 | val_acc=0.5747 | val_regime_acc=0.9864
Early stop at epoch 19; best_val_loss=0.7006

==============================
Target: ^GSPC
Selected brute-force events: 3
Test acc: 0.5023
Test regime acc: 1.0000
Selected trade edge threshold: 0.050 (auto=True)
Trade mode: long_short | coverage=85.52% | long=172 | short=17 | neutral=32
Strategy return no cost: mean=0.000066, total=0.0089
Event-days only: days=3 coverage=1.36% acc=1.0000 trades=2 total=0.0272
Event rule baseline: trades=3 total=0.0376
Event-day threshold: threshold=0.025 trades=3 total=0.0376
Hybrid event-days: alpha=0.000 threshold=0.025 trades=3 total=0.0376
Confusion matrix rows=true, cols=pred [down, up]:
[[  9  87]
 [ 23 102]]
Saved outputs to: /home/butter303062/political-sentiment-stock-pred/data/output/fusion_ablation_multi/^GSPC/raw_concat
==============================
