Post-level event features: data/output/trump_posts_with_event_features_tw.csv
Trump events are aggregated from decision_time_D < Timestamp <= decision_time_D+1.
Base binary event count: 56
Event + combo count: 1596
Eligible selected events before top-k: 5
Deduped overlapping events: 0
Selected events for DL: 5

Top selected brute-force events:
                  event   n  mean_ret  median_ret      std   hit_up  hit_down direction  directional_hit    score
silence_day&volume_drop 147  0.007857    0.003333 0.032215 0.578231  0.421769      long         0.578231 0.055086
            volume_drop 326  0.004779    0.003431 0.025434 0.576687  0.423313      long         0.576687 0.049756
  posts_low&volume_drop 222  0.005134    0.003120 0.027812 0.558559  0.441441      long         0.558559 0.042728
     has_iran&open_deal  22 -0.010671   -0.010640 0.022065 0.318182  0.681818     short         0.681818 0.034125
 pre_action&short_posts  51 -0.007499   -0.006250 0.021302 0.411765  0.588235     short         0.588235 0.031504

Dataset summary:
Rows: train=821, val=196, test=196
Samples: train=821, val=196, test=196
Feature set: full
Market features: 49 | Event/regime features: 37
Direction label counts:
direction_label
up      610
down    563
Regime label counts:
regime_label
neutral      538
oversold     327
calm_bull    204
risk_off     104
Term segment counts:
term_segment
1    867
2    306

Training on device: cpu
Model type: gated_mlp
Direction class weights: [1.0085999965667725, 0.9915000200271606]
Epoch 001 | train_loss=1.0323 | val_loss=1.0204 | val_acc=0.4388 | val_regime_acc=0.4337
Epoch 002 | train_loss=0.9218 | val_loss=0.9810 | val_acc=0.4439 | val_regime_acc=0.4286
Epoch 003 | train_loss=0.8365 | val_loss=0.9058 | val_acc=0.4388 | val_regime_acc=0.6633
Epoch 004 | train_loss=0.7547 | val_loss=0.8624 | val_acc=0.4235 | val_regime_acc=0.8316
Epoch 005 | train_loss=0.7117 | val_loss=0.8302 | val_acc=0.4235 | val_regime_acc=0.8776
Epoch 006 | train_loss=0.6855 | val_loss=0.8244 | val_acc=0.4337 | val_regime_acc=0.9082
Epoch 007 | train_loss=0.6543 | val_loss=0.8255 | val_acc=0.4439 | val_regime_acc=0.9388
Epoch 008 | train_loss=0.6444 | val_loss=0.8354 | val_acc=0.4337 | val_regime_acc=0.9490
Epoch 009 | train_loss=0.6342 | val_loss=0.8655 | val_acc=0.4337 | val_regime_acc=0.9439
Epoch 010 | train_loss=0.6266 | val_loss=0.8847 | val_acc=0.4439 | val_regime_acc=0.9643
Epoch 011 | train_loss=0.6064 | val_loss=0.9323 | val_acc=0.4541 | val_regime_acc=0.9643
Epoch 012 | train_loss=0.6062 | val_loss=0.9632 | val_acc=0.4388 | val_regime_acc=0.9745
Epoch 013 | train_loss=0.5865 | val_loss=0.9954 | val_acc=0.4490 | val_regime_acc=0.9694
Epoch 014 | train_loss=0.5846 | val_loss=1.0390 | val_acc=0.4541 | val_regime_acc=0.9643
Early stop at epoch 14; best_val_loss=0.8244

==============================
Target: 2308.TW
Selected brute-force events: 5
Test acc: 0.4388
Test regime acc: 0.7857
Selected trade edge threshold: 0.375 (auto=True)
Trade mode: long_short | coverage=1.02% | long=0 | short=2 | neutral=194
Strategy return no cost: mean=-0.000322, total=-0.0623
Event-days only: days=81 coverage=41.33% acc=0.4198 trades=2 total=-0.0623
Event rule baseline: trades=81 total=1.0820
Event-day threshold: threshold=0.375 trades=2 total=-0.0623
Hybrid event-days: alpha=0.500 threshold=0.025 trades=81 total=1.0820
Confusion matrix rows=true, cols=pred [down, up]:
[[67 21]
 [89 19]]
Saved outputs to: /home/butter303062/political-sentiment-stock-pred/data/output/fusion_ablation_multi/2308.TW/raw_concat
==============================
